// Jest Snapshot v1, https://goo.gl/fbAQLP

exports[`Layout renders HwLayout 1`] = `
<div>
  <section
    class="ant-layout"
  >
    <header
      class="ant-layout-header"
    >
      <div
        class="logo"
      >
        学生作业管理系统
      </div>
    </header>
    <main
      class="ant-layout-content layout_content"
    >
      <div
        class="ant-spin-nested-loading"
      >
        <div
          class="ant-spin-container"
        >
          <div
            class="site-layout-content"
          >
            <div
              style="margin: 32px; text-align: center;"
            >
              <div
                aria-busy="true"
                aria-live="polite"
                class="ant-spin ant-spin-spinning"
              >
                <span
                  class="ant-spin-dot ant-spin-dot-spin"
                >
                  <i
                    class="ant-spin-dot-item"
                  />
                  <i
                    class="ant-spin-dot-item"
                  />
                  <i
                    class="ant-spin-dot-item"
                  />
                  <i
                    class="ant-spin-dot-item"
                  />
                </span>
              </div>
            </div>
          </div>
        </div>
      </div>
    </main>
    <footer
      class="ant-layout-footer"
      style="text-align: center;"
    >
      ©️2022 .direwolf
    </footer>
  </section>
</div>
`;
