// Jest Snapshot v1, https://goo.gl/fbAQLP

exports[`/api/homework/teacher/detail endpoint if ok 1`] = `
{
  "code": 0,
  "result": {
    "content": [
      {
        "completed": false,
        "contentId": 1,
        "studentName": ".direwolf",
      },
      {
        "completed": false,
        "contentId": 19,
        "studentName": "测试同学1",
      },
    ],
    "detail": {
      "assignment": "这是一个测试用的作业。用于测试未完成作业。",
      "deadline": "2023-10-30T03:45:14.000Z",
      "time": "2022-09-27T02:50:02.000Z",
      "title": "作业1",
    },
  },
}
`;
